[2023-01-29T22:58:40.994+0530][gc,heap] Heap region size: 1M
[2023-01-29T22:58:40.997+0530][gc     ] Using G1
[2023-01-29T22:58:40.997+0530][gc,heap,coops] Heap address: 0x0000000780000000, size: 1024 MB, Compressed Oops mode: Zero based, Oop shift amount: 3
[2023-01-29T22:58:41.846+0530][gc,start     ] GC(0) Pause Young (Concurrent Start) (Metadata GC Threshold)
[2023-01-29T22:58:41.847+0530][gc,task      ] GC(0) Using 9 workers of 9 for evacuation
[2023-01-29T22:58:41.852+0530][gc,phases    ] GC(0)   Pre Evacuate Collection Set: 0.0ms
[2023-01-29T22:58:41.852+0530][gc,phases    ] GC(0)   Evacuate Collection Set: 5.0ms
[2023-01-29T22:58:41.853+0530][gc,phases    ] GC(0)   Post Evacuate Collection Set: 0.3ms
[2023-01-29T22:58:41.853+0530][gc,phases    ] GC(0)   Other: 0.8ms
[2023-01-29T22:58:41.853+0530][gc,heap      ] GC(0) Eden regions: 43->0(44)
[2023-01-29T22:58:41.853+0530][gc,heap      ] GC(0) Survivor regions: 0->7(7)
[2023-01-29T22:58:41.853+0530][gc,heap      ] GC(0) Old regions: 0->0
[2023-01-29T22:58:41.853+0530][gc,heap      ] GC(0) Humongous regions: 0->0
[2023-01-29T22:58:41.853+0530][gc,metaspace ] GC(0) Metaspace: 20754K->20754K(1069056K)
[2023-01-29T22:58:41.853+0530][gc           ] GC(0) Pause Young (Concurrent Start) (Metadata GC Threshold) 42M->6M(1024M) 6.236ms
[2023-01-29T22:58:41.853+0530][gc,cpu       ] GC(0) User=0.01s Sys=0.01s Real=0.01s
[2023-01-29T22:58:41.853+0530][gc           ] GC(1) Concurrent Cycle
[2023-01-29T22:58:41.853+0530][gc,marking   ] GC(1) Concurrent Clear Claimed Marks
[2023-01-29T22:58:41.853+0530][gc,marking   ] GC(1) Concurrent Clear Claimed Marks 0.012ms
[2023-01-29T22:58:41.853+0530][gc,marking   ] GC(1) Concurrent Scan Root Regions
[2023-01-29T22:58:41.855+0530][gc,marking   ] GC(1) Concurrent Scan Root Regions 2.798ms
[2023-01-29T22:58:41.856+0530][gc,marking   ] GC(1) Concurrent Mark (1.501s)
[2023-01-29T22:58:41.856+0530][gc,marking   ] GC(1) Concurrent Mark From Roots
[2023-01-29T22:58:41.856+0530][gc,task      ] GC(1) Using 2 workers of 2 for marking
[2023-01-29T22:58:41.856+0530][gc,marking   ] GC(1) Concurrent Mark From Roots 0.608ms
[2023-01-29T22:58:41.856+0530][gc,marking   ] GC(1) Concurrent Preclean
[2023-01-29T22:58:41.856+0530][gc,marking   ] GC(1) Concurrent Preclean 0.024ms
[2023-01-29T22:58:41.856+0530][gc,marking   ] GC(1) Concurrent Mark (1.501s, 1.502s) 0.709ms
[2023-01-29T22:58:41.857+0530][gc,start     ] GC(1) Pause Remark
[2023-01-29T22:58:41.859+0530][gc,stringtable] GC(1) Cleaned string and symbol table, strings: 7350 processed, 0 removed, symbols: 65407 processed, 46 removed
[2023-01-29T22:58:41.859+0530][gc            ] GC(1) Pause Remark 7M->7M(1024M) 2.346ms
[2023-01-29T22:58:41.859+0530][gc,cpu        ] GC(1) User=0.01s Sys=0.00s Real=0.00s
[2023-01-29T22:58:41.859+0530][gc,marking    ] GC(1) Concurrent Rebuild Remembered Sets
[2023-01-29T22:58:41.859+0530][gc,marking    ] GC(1) Concurrent Rebuild Remembered Sets 0.083ms
[2023-01-29T22:58:41.859+0530][gc,start      ] GC(1) Pause Cleanup
[2023-01-29T22:58:41.860+0530][gc            ] GC(1) Pause Cleanup 7M->7M(1024M) 0.130ms
[2023-01-29T22:58:41.860+0530][gc,cpu        ] GC(1) User=0.00s Sys=0.00s Real=0.01s
[2023-01-29T22:58:41.860+0530][gc,marking    ] GC(1) Concurrent Cleanup for Next Mark
[2023-01-29T22:58:41.863+0530][gc,marking    ] GC(1) Concurrent Cleanup for Next Mark 2.821ms
[2023-01-29T22:58:41.863+0530][gc            ] GC(1) Concurrent Cycle 9.978ms
[2023-01-29T22:58:42.499+0530][gc,start      ] GC(2) Pause Young (Normal) (G1 Evacuation Pause)
[2023-01-29T22:58:42.499+0530][gc,task       ] GC(2) Using 9 workers of 9 for evacuation
[2023-01-29T22:58:42.507+0530][gc,phases     ] GC(2)   Pre Evacuate Collection Set: 0.0ms
[2023-01-29T22:58:42.507+0530][gc,phases     ] GC(2)   Evacuate Collection Set: 7.7ms
[2023-01-29T22:58:42.507+0530][gc,phases     ] GC(2)   Post Evacuate Collection Set: 0.4ms
[2023-01-29T22:58:42.507+0530][gc,phases     ] GC(2)   Other: 0.1ms
[2023-01-29T22:58:42.507+0530][gc,heap       ] GC(2) Eden regions: 44->0(48)
[2023-01-29T22:58:42.507+0530][gc,heap       ] GC(2) Survivor regions: 7->3(7)
[2023-01-29T22:58:42.507+0530][gc,heap       ] GC(2) Old regions: 0->7
[2023-01-29T22:58:42.507+0530][gc,heap       ] GC(2) Humongous regions: 129->129
[2023-01-29T22:58:42.507+0530][gc,metaspace  ] GC(2) Metaspace: 30563K->30563K(1077248K)
[2023-01-29T22:58:42.507+0530][gc            ] GC(2) Pause Young (Normal) (G1 Evacuation Pause) 179M->137M(1024M) 8.258ms
[2023-01-29T22:58:42.507+0530][gc,cpu        ] GC(2) User=0.01s Sys=0.00s Real=0.01s
[2023-01-29T22:58:42.663+0530][gc,start      ] GC(3) Pause Young (Concurrent Start) (Metadata GC Threshold)
[2023-01-29T22:58:42.663+0530][gc,task       ] GC(3) Using 9 workers of 9 for evacuation
[2023-01-29T22:58:42.667+0530][gc,phases     ] GC(3)   Pre Evacuate Collection Set: 0.1ms
[2023-01-29T22:58:42.667+0530][gc,phases     ] GC(3)   Evacuate Collection Set: 3.1ms
[2023-01-29T22:58:42.667+0530][gc,phases     ] GC(3)   Post Evacuate Collection Set: 0.2ms
[2023-01-29T22:58:42.667+0530][gc,phases     ] GC(3)   Other: 0.1ms
[2023-01-29T22:58:42.667+0530][gc,heap       ] GC(3) Eden regions: 24->0(47)
[2023-01-29T22:58:42.667+0530][gc,heap       ] GC(3) Survivor regions: 3->4(7)
[2023-01-29T22:58:42.667+0530][gc,heap       ] GC(3) Old regions: 7->7
[2023-01-29T22:58:42.667+0530][gc,heap       ] GC(3) Humongous regions: 129->129
[2023-01-29T22:58:42.667+0530][gc,metaspace  ] GC(3) Metaspace: 34916K->34916K(1081344K)
[2023-01-29T22:58:42.667+0530][gc            ] GC(3) Pause Young (Concurrent Start) (Metadata GC Threshold) 161M->139M(1024M) 3.627ms
[2023-01-29T22:58:42.667+0530][gc,cpu        ] GC(3) User=0.02s Sys=0.00s Real=0.00s
[2023-01-29T22:58:42.668+0530][gc            ] GC(4) Concurrent Cycle
[2023-01-29T22:58:42.668+0530][gc,marking    ] GC(4) Concurrent Clear Claimed Marks
[2023-01-29T22:58:42.668+0530][gc,marking    ] GC(4) Concurrent Clear Claimed Marks 0.061ms
[2023-01-29T22:58:42.668+0530][gc,marking    ] GC(4) Concurrent Scan Root Regions
[2023-01-29T22:58:42.669+0530][gc,marking    ] GC(4) Concurrent Scan Root Regions 0.965ms
[2023-01-29T22:58:42.669+0530][gc,marking    ] GC(4) Concurrent Mark (2.315s)
[2023-01-29T22:58:42.669+0530][gc,marking    ] GC(4) Concurrent Mark From Roots
[2023-01-29T22:58:42.669+0530][gc,task       ] GC(4) Using 2 workers of 2 for marking
[2023-01-29T22:58:42.673+0530][gc,marking    ] GC(4) Concurrent Mark From Roots 3.683ms
[2023-01-29T22:58:42.673+0530][gc,marking    ] GC(4) Concurrent Preclean
[2023-01-29T22:58:42.673+0530][gc,marking    ] GC(4) Concurrent Preclean 0.141ms
[2023-01-29T22:58:42.673+0530][gc,marking    ] GC(4) Concurrent Mark (2.315s, 2.319s) 3.918ms
[2023-01-29T22:58:42.673+0530][gc,start      ] GC(4) Pause Remark
[2023-01-29T22:58:42.675+0530][gc,stringtable] GC(4) Cleaned string and symbol table, strings: 11759 processed, 7 removed, symbols: 95903 processed, 27 removed
[2023-01-29T22:58:42.675+0530][gc            ] GC(4) Pause Remark 140M->140M(1024M) 1.812ms
[2023-01-29T22:58:42.675+0530][gc,cpu        ] GC(4) User=0.00s Sys=0.00s Real=0.00s
[2023-01-29T22:58:42.675+0530][gc,marking    ] GC(4) Concurrent Rebuild Remembered Sets
[2023-01-29T22:58:42.677+0530][gc,marking    ] GC(4) Concurrent Rebuild Remembered Sets 1.881ms
[2023-01-29T22:58:42.677+0530][gc,start      ] GC(4) Pause Cleanup
[2023-01-29T22:58:42.677+0530][gc            ] GC(4) Pause Cleanup 140M->140M(1024M) 0.067ms
[2023-01-29T22:58:42.677+0530][gc,cpu        ] GC(4) User=0.00s Sys=0.00s Real=0.00s
[2023-01-29T22:58:42.677+0530][gc,marking    ] GC(4) Concurrent Cleanup for Next Mark
[2023-01-29T22:58:42.679+0530][gc,marking    ] GC(4) Concurrent Cleanup for Next Mark 1.836ms
[2023-01-29T22:58:42.679+0530][gc            ] GC(4) Concurrent Cycle 10.963ms
[2023-01-29T22:59:37.881+0530][gc,start      ] GC(5) Pause Young (Normal) (G1 Evacuation Pause)
[2023-01-29T22:59:37.881+0530][gc,task       ] GC(5) Using 9 workers of 9 for evacuation
[2023-01-29T22:59:37.885+0530][gc,phases     ] GC(5)   Pre Evacuate Collection Set: 0.0ms
[2023-01-29T22:59:37.885+0530][gc,phases     ] GC(5)   Evacuate Collection Set: 3.1ms
[2023-01-29T22:59:37.885+0530][gc,phases     ] GC(5)   Post Evacuate Collection Set: 0.3ms
[2023-01-29T22:59:37.885+0530][gc,phases     ] GC(5)   Other: 0.3ms
[2023-01-29T22:59:37.885+0530][gc,heap       ] GC(5) Eden regions: 47->0(45)
[2023-01-29T22:59:37.885+0530][gc,heap       ] GC(5) Survivor regions: 4->6(7)
[2023-01-29T22:59:37.885+0530][gc,heap       ] GC(5) Old regions: 7->9
[2023-01-29T22:59:37.885+0530][gc,heap       ] GC(5) Humongous regions: 129->129
[2023-01-29T22:59:37.885+0530][gc,metaspace  ] GC(5) Metaspace: 44057K->44057K(1089536K)
[2023-01-29T22:59:37.885+0530][gc            ] GC(5) Pause Young (Normal) (G1 Evacuation Pause) 186M->142M(1024M) 3.681ms
[2023-01-29T22:59:37.885+0530][gc,cpu        ] GC(5) User=0.02s Sys=0.00s Real=0.00s
[2023-01-29T23:04:04.172+0530][gc,start      ] GC(6) Pause Young (Normal) (G1 Evacuation Pause)
[2023-01-29T23:04:04.173+0530][gc,task       ] GC(6) Using 9 workers of 9 for evacuation
[2023-01-29T23:04:04.190+0530][gc,phases     ] GC(6)   Pre Evacuate Collection Set: 0.1ms
[2023-01-29T23:04:04.190+0530][gc,phases     ] GC(6)   Evacuate Collection Set: 15.9ms
[2023-01-29T23:04:04.190+0530][gc,phases     ] GC(6)   Post Evacuate Collection Set: 0.4ms
[2023-01-29T23:04:04.190+0530][gc,phases     ] GC(6)   Other: 0.9ms
[2023-01-29T23:04:04.190+0530][gc,heap       ] GC(6) Eden regions: 45->0(45)
[2023-01-29T23:04:04.190+0530][gc,heap       ] GC(6) Survivor regions: 6->6(7)
[2023-01-29T23:04:04.190+0530][gc,heap       ] GC(6) Old regions: 9->11
[2023-01-29T23:04:04.190+0530][gc,heap       ] GC(6) Humongous regions: 129->129
[2023-01-29T23:04:04.190+0530][gc,metaspace  ] GC(6) Metaspace: 47698K->47698K(1091584K)
[2023-01-29T23:04:04.190+0530][gc            ] GC(6) Pause Young (Normal) (G1 Evacuation Pause) 187M->144M(1024M) 17.241ms
[2023-01-29T23:04:04.190+0530][gc,cpu        ] GC(6) User=0.02s Sys=0.01s Real=0.02s
[2023-01-29T23:10:25.424+0530][gc,start      ] GC(7) Pause Young (Normal) (G1 Evacuation Pause)
[2023-01-29T23:10:25.424+0530][gc,task       ] GC(7) Using 9 workers of 9 for evacuation
[2023-01-29T23:10:25.427+0530][gc,phases     ] GC(7)   Pre Evacuate Collection Set: 0.0ms
[2023-01-29T23:10:25.427+0530][gc,phases     ] GC(7)   Evacuate Collection Set: 2.3ms
[2023-01-29T23:10:25.427+0530][gc,phases     ] GC(7)   Post Evacuate Collection Set: 0.2ms
[2023-01-29T23:10:25.427+0530][gc,phases     ] GC(7)   Other: 0.2ms
[2023-01-29T23:10:25.427+0530][gc,heap       ] GC(7) Eden regions: 45->0(47)
[2023-01-29T23:10:25.427+0530][gc,heap       ] GC(7) Survivor regions: 6->4(7)
[2023-01-29T23:10:25.427+0530][gc,heap       ] GC(7) Old regions: 11->14
[2023-01-29T23:10:25.427+0530][gc,heap       ] GC(7) Humongous regions: 129->129
[2023-01-29T23:10:25.427+0530][gc,metaspace  ] GC(7) Metaspace: 47800K->47800K(1093632K)
[2023-01-29T23:10:25.427+0530][gc            ] GC(7) Pause Young (Normal) (G1 Evacuation Pause) 189M->145M(1024M) 2.723ms
[2023-01-29T23:10:25.427+0530][gc,cpu        ] GC(7) User=0.02s Sys=0.00s Real=0.00s
[2023-01-29T23:17:56.336+0530][gc,start      ] GC(8) Pause Young (Normal) (G1 Evacuation Pause)
[2023-01-29T23:17:56.338+0530][gc,task       ] GC(8) Using 9 workers of 9 for evacuation
[2023-01-29T23:17:56.369+0530][gc,mmu        ] GC(8) MMU target violated: 21.0ms (20.0ms/21.0ms)
[2023-01-29T23:17:56.369+0530][gc,phases     ] GC(8)   Pre Evacuate Collection Set: 0.9ms
[2023-01-29T23:17:56.369+0530][gc,phases     ] GC(8)   Evacuate Collection Set: 28.0ms
[2023-01-29T23:17:56.369+0530][gc,phases     ] GC(8)   Post Evacuate Collection Set: 1.6ms
[2023-01-29T23:17:56.369+0530][gc,phases     ] GC(8)   Other: 2.1ms
[2023-01-29T23:17:56.369+0530][gc,heap       ] GC(8) Eden regions: 47->0(48)
[2023-01-29T23:17:56.369+0530][gc,heap       ] GC(8) Survivor regions: 4->3(7)
[2023-01-29T23:17:56.369+0530][gc,heap       ] GC(8) Old regions: 14->14
[2023-01-29T23:17:56.369+0530][gc,heap       ] GC(8) Humongous regions: 129->129
[2023-01-29T23:17:56.369+0530][gc,metaspace  ] GC(8) Metaspace: 47858K->47858K(1093632K)
[2023-01-29T23:17:56.369+0530][gc            ] GC(8) Pause Young (Normal) (G1 Evacuation Pause) 192M->145M(1024M) 32.824ms
[2023-01-29T23:17:56.369+0530][gc,cpu        ] GC(8) User=0.06s Sys=0.01s Real=0.03s
[2023-01-29T23:25:51.175+0530][gc,start      ] GC(9) Pause Young (Normal) (G1 Evacuation Pause)
[2023-01-29T23:25:51.177+0530][gc,task       ] GC(9) Using 9 workers of 9 for evacuation
[2023-01-29T23:25:51.195+0530][gc,phases     ] GC(9)   Pre Evacuate Collection Set: 0.4ms
[2023-01-29T23:25:51.196+0530][gc,phases     ] GC(9)   Evacuate Collection Set: 17.3ms
[2023-01-29T23:25:51.196+0530][gc,phases     ] GC(9)   Post Evacuate Collection Set: 0.6ms
[2023-01-29T23:25:51.196+0530][gc,phases     ] GC(9)   Other: 2.5ms
[2023-01-29T23:25:51.196+0530][gc,heap       ] GC(9) Eden regions: 48->0(65)
[2023-01-29T23:25:51.196+0530][gc,heap       ] GC(9) Survivor regions: 3->3(7)
[2023-01-29T23:25:51.196+0530][gc,heap       ] GC(9) Old regions: 14->14
[2023-01-29T23:25:51.196+0530][gc,heap       ] GC(9) Humongous regions: 129->129
[2023-01-29T23:25:51.196+0530][gc,metaspace  ] GC(9) Metaspace: 47895K->47895K(1093632K)
[2023-01-29T23:25:51.196+0530][gc            ] GC(9) Pause Young (Normal) (G1 Evacuation Pause) 193M->144M(1024M) 20.940ms
[2023-01-29T23:25:51.196+0530][gc,cpu        ] GC(9) User=0.02s Sys=0.00s Real=0.02s
[2023-01-29T23:37:09.306+0530][gc,start      ] GC(10) Pause Young (Normal) (G1 Evacuation Pause)
[2023-01-29T23:37:09.306+0530][gc,task       ] GC(10) Using 9 workers of 9 for evacuation
[2023-01-29T23:37:09.322+0530][gc,phases     ] GC(10)   Pre Evacuate Collection Set: 0.1ms
[2023-01-29T23:37:09.322+0530][gc,phases     ] GC(10)   Evacuate Collection Set: 15.3ms
[2023-01-29T23:37:09.322+0530][gc,phases     ] GC(10)   Post Evacuate Collection Set: 0.4ms
[2023-01-29T23:37:09.322+0530][gc,phases     ] GC(10)   Other: 0.3ms
[2023-01-29T23:37:09.322+0530][gc,heap       ] GC(10) Eden regions: 65->0(118)
[2023-01-29T23:37:09.322+0530][gc,heap       ] GC(10) Survivor regions: 3->4(9)
[2023-01-29T23:37:09.323+0530][gc,heap       ] GC(10) Old regions: 14->14
[2023-01-29T23:37:09.323+0530][gc,heap       ] GC(10) Humongous regions: 129->129
[2023-01-29T23:37:09.323+0530][gc,metaspace  ] GC(10) Metaspace: 47946K->47946K(1093632K)
[2023-01-29T23:37:09.323+0530][gc            ] GC(10) Pause Young (Normal) (G1 Evacuation Pause) 209M->146M(1024M) 16.137ms
[2023-01-29T23:37:09.323+0530][gc,cpu        ] GC(10) User=0.02s Sys=0.01s Real=0.02s
[2023-01-30T10:09:49.010+0530][gc,start      ] GC(11) Pause Young (Normal) (G1 Evacuation Pause)
[2023-01-30T10:09:49.011+0530][gc,task       ] GC(11) Using 9 workers of 9 for evacuation
[2023-01-30T10:09:49.042+0530][gc,mmu        ] GC(11) MMU target violated: 21.0ms (20.0ms/21.0ms)
[2023-01-30T10:09:49.043+0530][gc,phases     ] GC(11)   Pre Evacuate Collection Set: 0.6ms
[2023-01-30T10:09:49.043+0530][gc,phases     ] GC(11)   Evacuate Collection Set: 25.5ms
[2023-01-30T10:09:49.043+0530][gc,phases     ] GC(11)   Post Evacuate Collection Set: 5.1ms
[2023-01-30T10:09:49.043+0530][gc,phases     ] GC(11)   Other: 1.7ms
[2023-01-30T10:09:49.043+0530][gc,heap       ] GC(11) Eden regions: 118->0(147)
[2023-01-30T10:09:49.043+0530][gc,heap       ] GC(11) Survivor regions: 4->4(16)
[2023-01-30T10:09:49.043+0530][gc,heap       ] GC(11) Old regions: 14->14
[2023-01-30T10:09:49.043+0530][gc,heap       ] GC(11) Humongous regions: 129->129
[2023-01-30T10:09:49.043+0530][gc,metaspace  ] GC(11) Metaspace: 48019K->48019K(1093632K)
[2023-01-30T10:09:49.043+0530][gc            ] GC(11) Pause Young (Normal) (G1 Evacuation Pause) 264M->145M(1024M) 32.902ms
[2023-01-30T10:09:49.043+0530][gc,cpu        ] GC(11) User=0.03s Sys=0.01s Real=0.03s
[2023-01-30T10:36:20.416+0530][gc,start      ] GC(12) Pause Young (Normal) (G1 Evacuation Pause)
[2023-01-30T10:36:20.417+0530][gc,task       ] GC(12) Using 9 workers of 9 for evacuation
[2023-01-30T10:36:20.435+0530][gc,phases     ] GC(12)   Pre Evacuate Collection Set: 0.4ms
[2023-01-30T10:36:20.435+0530][gc,phases     ] GC(12)   Evacuate Collection Set: 15.9ms
[2023-01-30T10:36:20.435+0530][gc,phases     ] GC(12)   Post Evacuate Collection Set: 0.7ms
[2023-01-30T10:36:20.436+0530][gc,phases     ] GC(12)   Other: 2.3ms
[2023-01-30T10:36:20.436+0530][gc,heap       ] GC(12) Eden regions: 147->0(354)
[2023-01-30T10:36:20.436+0530][gc,heap       ] GC(12) Survivor regions: 4->4(19)
[2023-01-30T10:36:20.436+0530][gc,heap       ] GC(12) Old regions: 14->14
[2023-01-30T10:36:20.436+0530][gc,heap       ] GC(12) Humongous regions: 129->129
[2023-01-30T10:36:20.436+0530][gc,metaspace  ] GC(12) Metaspace: 48090K->48090K(1093632K)
[2023-01-30T10:36:20.436+0530][gc            ] GC(12) Pause Young (Normal) (G1 Evacuation Pause) 292M->145M(1024M) 20.556ms
[2023-01-30T10:36:20.437+0530][gc,cpu        ] GC(12) User=0.02s Sys=0.01s Real=0.02s
[2023-01-30T11:39:10.997+0530][gc,start      ] GC(13) Pause Young (Normal) (G1 Evacuation Pause)
[2023-01-30T11:39:10.997+0530][gc,task       ] GC(13) Using 9 workers of 9 for evacuation
[2023-01-30T11:39:11.031+0530][gc,mmu        ] GC(13) MMU target violated: 21.0ms (20.0ms/21.0ms)
[2023-01-30T11:39:11.033+0530][gc,phases     ] GC(13)   Pre Evacuate Collection Set: 0.3ms
[2023-01-30T11:39:11.033+0530][gc,phases     ] GC(13)   Evacuate Collection Set: 27.7ms
[2023-01-30T11:39:11.033+0530][gc,phases     ] GC(13)   Post Evacuate Collection Set: 5.7ms
[2023-01-30T11:39:11.033+0530][gc,phases     ] GC(13)   Other: 2.7ms
[2023-01-30T11:39:11.033+0530][gc,heap       ] GC(13) Eden regions: 354->0(610)
[2023-01-30T11:39:11.033+0530][gc,heap       ] GC(13) Survivor regions: 4->4(45)
[2023-01-30T11:39:11.033+0530][gc,heap       ] GC(13) Old regions: 14->14
[2023-01-30T11:39:11.033+0530][gc,heap       ] GC(13) Humongous regions: 129->129
[2023-01-30T11:39:11.033+0530][gc,metaspace  ] GC(13) Metaspace: 48159K->48159K(1093632K)
[2023-01-30T11:39:11.033+0530][gc            ] GC(13) Pause Young (Normal) (G1 Evacuation Pause) 499M->145M(1024M) 36.782ms
[2023-01-30T11:39:11.033+0530][gc,cpu        ] GC(13) User=0.01s Sys=0.01s Real=0.04s
