[2023-01-29T22:58:40.994+0530][gc,heap] Heap region size: 1M
[2023-01-29T22:58:40.997+0530][gc     ] Using G1
[2023-01-29T22:58:40.997+0530][gc,heap,coops] Heap address: 0x0000000780000000, size: 1024 MB, Compressed Oops mode: Zero based, Oop shift amount: 3
[2023-01-29T22:58:41.852+0530][gc,start     ] GC(0) Pause Young (Concurrent Start) (Metadata GC Threshold)
[2023-01-29T22:58:41.853+0530][gc,task      ] GC(0) Using 9 workers of 9 for evacuation
[2023-01-29T22:58:41.859+0530][gc,phases    ] GC(0)   Pre Evacuate Collection Set: 0.1ms
[2023-01-29T22:58:41.859+0530][gc,phases    ] GC(0)   Evacuate Collection Set: 4.6ms
[2023-01-29T22:58:41.859+0530][gc,phases    ] GC(0)   Post Evacuate Collection Set: 1.1ms
[2023-01-29T22:58:41.859+0530][gc,phases    ] GC(0)   Other: 1.0ms
[2023-01-29T22:58:41.859+0530][gc,heap      ] GC(0) Eden regions: 43->0(44)
[2023-01-29T22:58:41.859+0530][gc,heap      ] GC(0) Survivor regions: 0->7(7)
[2023-01-29T22:58:41.859+0530][gc,heap      ] GC(0) Old regions: 0->0
[2023-01-29T22:58:41.859+0530][gc,heap      ] GC(0) Humongous regions: 0->0
[2023-01-29T22:58:41.859+0530][gc,metaspace ] GC(0) Metaspace: 20807K->20807K(1069056K)
[2023-01-29T22:58:41.859+0530][gc           ] GC(0) Pause Young (Concurrent Start) (Metadata GC Threshold) 42M->6M(1024M) 6.874ms
[2023-01-29T22:58:41.859+0530][gc,cpu       ] GC(0) User=0.01s Sys=0.00s Real=0.00s
[2023-01-29T22:58:41.859+0530][gc           ] GC(1) Concurrent Cycle
[2023-01-29T22:58:41.859+0530][gc,marking   ] GC(1) Concurrent Clear Claimed Marks
[2023-01-29T22:58:41.859+0530][gc,marking   ] GC(1) Concurrent Clear Claimed Marks 0.040ms
[2023-01-29T22:58:41.859+0530][gc,marking   ] GC(1) Concurrent Scan Root Regions
[2023-01-29T22:58:41.860+0530][gc,marking   ] GC(1) Concurrent Scan Root Regions 1.164ms
[2023-01-29T22:58:41.860+0530][gc,marking   ] GC(1) Concurrent Mark (1.506s)
[2023-01-29T22:58:41.860+0530][gc,marking   ] GC(1) Concurrent Mark From Roots
[2023-01-29T22:58:41.860+0530][gc,task      ] GC(1) Using 2 workers of 2 for marking
[2023-01-29T22:58:41.861+0530][gc,marking   ] GC(1) Concurrent Mark From Roots 0.177ms
[2023-01-29T22:58:41.861+0530][gc,marking   ] GC(1) Concurrent Preclean
[2023-01-29T22:58:41.861+0530][gc,marking   ] GC(1) Concurrent Preclean 0.017ms
[2023-01-29T22:58:41.861+0530][gc,marking   ] GC(1) Concurrent Mark (1.506s, 1.507s) 0.227ms
[2023-01-29T22:58:41.861+0530][gc,start     ] GC(1) Pause Remark
[2023-01-29T22:58:41.862+0530][gc,stringtable] GC(1) Cleaned string and symbol table, strings: 7351 processed, 0 removed, symbols: 65407 processed, 46 removed
[2023-01-29T22:58:41.862+0530][gc            ] GC(1) Pause Remark 7M->7M(1024M) 1.481ms
[2023-01-29T22:58:41.862+0530][gc,cpu        ] GC(1) User=0.00s Sys=0.00s Real=0.00s
[2023-01-29T22:58:41.862+0530][gc,marking    ] GC(1) Concurrent Rebuild Remembered Sets
[2023-01-29T22:58:41.863+0530][gc,marking    ] GC(1) Concurrent Rebuild Remembered Sets 0.247ms
[2023-01-29T22:58:41.863+0530][gc,start      ] GC(1) Pause Cleanup
[2023-01-29T22:58:41.863+0530][gc            ] GC(1) Pause Cleanup 7M->7M(1024M) 0.093ms
[2023-01-29T22:58:41.863+0530][gc,cpu        ] GC(1) User=0.00s Sys=0.00s Real=0.00s
[2023-01-29T22:58:41.863+0530][gc,marking    ] GC(1) Concurrent Cleanup for Next Mark
[2023-01-29T22:58:41.866+0530][gc,marking    ] GC(1) Concurrent Cleanup for Next Mark 2.802ms
[2023-01-29T22:58:41.866+0530][gc            ] GC(1) Concurrent Cycle 6.367ms
[2023-01-29T22:58:42.511+0530][gc,start      ] GC(2) Pause Young (Normal) (G1 Evacuation Pause)
[2023-01-29T22:58:42.511+0530][gc,task       ] GC(2) Using 9 workers of 9 for evacuation
[2023-01-29T22:58:42.516+0530][gc,phases     ] GC(2)   Pre Evacuate Collection Set: 0.0ms
[2023-01-29T22:58:42.516+0530][gc,phases     ] GC(2)   Evacuate Collection Set: 4.9ms
[2023-01-29T22:58:42.516+0530][gc,phases     ] GC(2)   Post Evacuate Collection Set: 0.3ms
[2023-01-29T22:58:42.516+0530][gc,phases     ] GC(2)   Other: 0.1ms
[2023-01-29T22:58:42.516+0530][gc,heap       ] GC(2) Eden regions: 44->0(48)
[2023-01-29T22:58:42.516+0530][gc,heap       ] GC(2) Survivor regions: 7->3(7)
[2023-01-29T22:58:42.516+0530][gc,heap       ] GC(2) Old regions: 0->7
[2023-01-29T22:58:42.516+0530][gc,heap       ] GC(2) Humongous regions: 129->129
[2023-01-29T22:58:42.516+0530][gc,metaspace  ] GC(2) Metaspace: 30678K->30678K(1077248K)
[2023-01-29T22:58:42.516+0530][gc            ] GC(2) Pause Young (Normal) (G1 Evacuation Pause) 179M->138M(1024M) 5.434ms
[2023-01-29T22:58:42.516+0530][gc,cpu        ] GC(2) User=0.02s Sys=0.00s Real=0.00s
[2023-01-29T22:58:42.683+0530][gc,start      ] GC(3) Pause Young (Concurrent Start) (Metadata GC Threshold)
[2023-01-29T22:58:42.683+0530][gc,task       ] GC(3) Using 9 workers of 9 for evacuation
[2023-01-29T22:58:42.686+0530][gc,phases     ] GC(3)   Pre Evacuate Collection Set: 0.1ms
[2023-01-29T22:58:42.686+0530][gc,phases     ] GC(3)   Evacuate Collection Set: 2.5ms
[2023-01-29T22:58:42.686+0530][gc,phases     ] GC(3)   Post Evacuate Collection Set: 0.2ms
[2023-01-29T22:58:42.686+0530][gc,phases     ] GC(3)   Other: 0.1ms
[2023-01-29T22:58:42.686+0530][gc,heap       ] GC(3) Eden regions: 24->0(47)
[2023-01-29T22:58:42.686+0530][gc,heap       ] GC(3) Survivor regions: 3->4(7)
[2023-01-29T22:58:42.686+0530][gc,heap       ] GC(3) Old regions: 7->7
[2023-01-29T22:58:42.686+0530][gc,heap       ] GC(3) Humongous regions: 129->129
[2023-01-29T22:58:42.686+0530][gc,metaspace  ] GC(3) Metaspace: 34918K->34918K(1081344K)
[2023-01-29T22:58:42.686+0530][gc            ] GC(3) Pause Young (Concurrent Start) (Metadata GC Threshold) 161M->139M(1024M) 2.971ms
[2023-01-29T22:58:42.686+0530][gc,cpu        ] GC(3) User=0.01s Sys=0.01s Real=0.00s
[2023-01-29T22:58:42.686+0530][gc            ] GC(4) Concurrent Cycle
[2023-01-29T22:58:42.686+0530][gc,marking    ] GC(4) Concurrent Clear Claimed Marks
[2023-01-29T22:58:42.686+0530][gc,marking    ] GC(4) Concurrent Clear Claimed Marks 0.017ms
[2023-01-29T22:58:42.686+0530][gc,marking    ] GC(4) Concurrent Scan Root Regions
[2023-01-29T22:58:42.687+0530][gc,marking    ] GC(4) Concurrent Scan Root Regions 0.862ms
[2023-01-29T22:58:42.687+0530][gc,marking    ] GC(4) Concurrent Mark (2.333s)
[2023-01-29T22:58:42.687+0530][gc,marking    ] GC(4) Concurrent Mark From Roots
[2023-01-29T22:58:42.687+0530][gc,task       ] GC(4) Using 2 workers of 2 for marking
[2023-01-29T22:58:42.690+0530][gc,marking    ] GC(4) Concurrent Mark From Roots 3.144ms
[2023-01-29T22:58:42.690+0530][gc,marking    ] GC(4) Concurrent Preclean
[2023-01-29T22:58:42.690+0530][gc,marking    ] GC(4) Concurrent Preclean 0.037ms
[2023-01-29T22:58:42.690+0530][gc,marking    ] GC(4) Concurrent Mark (2.333s, 2.336s) 3.217ms
[2023-01-29T22:58:42.690+0530][gc,start      ] GC(4) Pause Remark
[2023-01-29T22:58:42.691+0530][gc,stringtable] GC(4) Cleaned string and symbol table, strings: 12051 processed, 9 removed, symbols: 96154 processed, 31 removed
[2023-01-29T22:58:42.692+0530][gc            ] GC(4) Pause Remark 140M->140M(1024M) 1.465ms
[2023-01-29T22:58:42.692+0530][gc,cpu        ] GC(4) User=0.00s Sys=0.00s Real=0.00s
[2023-01-29T22:58:42.692+0530][gc,marking    ] GC(4) Concurrent Rebuild Remembered Sets
[2023-01-29T22:58:42.694+0530][gc,marking    ] GC(4) Concurrent Rebuild Remembered Sets 2.280ms
[2023-01-29T22:58:42.694+0530][gc,start      ] GC(4) Pause Cleanup
[2023-01-29T22:58:42.694+0530][gc            ] GC(4) Pause Cleanup 140M->140M(1024M) 0.085ms
[2023-01-29T22:58:42.694+0530][gc,cpu        ] GC(4) User=0.00s Sys=0.00s Real=0.00s
[2023-01-29T22:58:42.694+0530][gc,marking    ] GC(4) Concurrent Cleanup for Next Mark
[2023-01-29T22:58:42.696+0530][gc,marking    ] GC(4) Concurrent Cleanup for Next Mark 1.742ms
[2023-01-29T22:58:42.696+0530][gc            ] GC(4) Concurrent Cycle 10.106ms
[2023-01-29T22:59:37.785+0530][gc,start      ] GC(5) Pause Young (Normal) (G1 Evacuation Pause)
[2023-01-29T22:59:37.789+0530][gc,task       ] GC(5) Using 9 workers of 9 for evacuation
[2023-01-29T22:59:37.793+0530][gc,phases     ] GC(5)   Pre Evacuate Collection Set: 0.0ms
[2023-01-29T22:59:37.793+0530][gc,phases     ] GC(5)   Evacuate Collection Set: 3.6ms
[2023-01-29T22:59:37.793+0530][gc,phases     ] GC(5)   Post Evacuate Collection Set: 0.5ms
[2023-01-29T22:59:37.793+0530][gc,phases     ] GC(5)   Other: 4.2ms
[2023-01-29T22:59:37.793+0530][gc,heap       ] GC(5) Eden regions: 47->0(46)
[2023-01-29T22:59:37.793+0530][gc,heap       ] GC(5) Survivor regions: 4->5(7)
[2023-01-29T22:59:37.793+0530][gc,heap       ] GC(5) Old regions: 7->9
[2023-01-29T22:59:37.793+0530][gc,heap       ] GC(5) Humongous regions: 129->129
[2023-01-29T22:59:37.793+0530][gc,metaspace  ] GC(5) Metaspace: 43922K->43922K(1089536K)
[2023-01-29T22:59:37.793+0530][gc            ] GC(5) Pause Young (Normal) (G1 Evacuation Pause) 186M->142M(1024M) 8.298ms
[2023-01-29T22:59:37.793+0530][gc,cpu        ] GC(5) User=0.02s Sys=0.00s Real=0.01s
[2023-01-29T23:03:44.952+0530][gc,start      ] GC(6) Pause Young (Normal) (G1 Evacuation Pause)
[2023-01-29T23:03:44.954+0530][gc,task       ] GC(6) Using 9 workers of 9 for evacuation
[2023-01-29T23:03:44.972+0530][gc,phases     ] GC(6)   Pre Evacuate Collection Set: 0.2ms
[2023-01-29T23:03:44.972+0530][gc,phases     ] GC(6)   Evacuate Collection Set: 17.4ms
[2023-01-29T23:03:44.972+0530][gc,phases     ] GC(6)   Post Evacuate Collection Set: 0.5ms
[2023-01-29T23:03:44.972+0530][gc,phases     ] GC(6)   Other: 2.4ms
[2023-01-29T23:03:44.972+0530][gc,heap       ] GC(6) Eden regions: 46->0(44)
[2023-01-29T23:03:44.972+0530][gc,heap       ] GC(6) Survivor regions: 5->7(7)
[2023-01-29T23:03:44.972+0530][gc,heap       ] GC(6) Old regions: 9->11
[2023-01-29T23:03:44.972+0530][gc,heap       ] GC(6) Humongous regions: 129->129
[2023-01-29T23:03:44.972+0530][gc,metaspace  ] GC(6) Metaspace: 48706K->48706K(1093632K)
[2023-01-29T23:03:44.972+0530][gc            ] GC(6) Pause Young (Normal) (G1 Evacuation Pause) 188M->146M(1024M) 20.439ms
[2023-01-29T23:03:44.972+0530][gc,cpu        ] GC(6) User=0.05s Sys=0.00s Real=0.02s
[2023-01-29T23:10:15.106+0530][gc,start      ] GC(7) Pause Young (Normal) (G1 Evacuation Pause)
[2023-01-29T23:10:15.106+0530][gc,task       ] GC(7) Using 9 workers of 9 for evacuation
[2023-01-29T23:10:15.112+0530][gc,phases     ] GC(7)   Pre Evacuate Collection Set: 0.0ms
[2023-01-29T23:10:15.112+0530][gc,phases     ] GC(7)   Evacuate Collection Set: 4.6ms
[2023-01-29T23:10:15.112+0530][gc,phases     ] GC(7)   Post Evacuate Collection Set: 1.4ms
[2023-01-29T23:10:15.112+0530][gc,phases     ] GC(7)   Other: 0.2ms
[2023-01-29T23:10:15.112+0530][gc,heap       ] GC(7) Eden regions: 44->0(47)
[2023-01-29T23:10:15.112+0530][gc,heap       ] GC(7) Survivor regions: 7->4(7)
[2023-01-29T23:10:15.112+0530][gc,heap       ] GC(7) Old regions: 11->14
[2023-01-29T23:10:15.112+0530][gc,heap       ] GC(7) Humongous regions: 129->129
[2023-01-29T23:10:15.112+0530][gc,metaspace  ] GC(7) Metaspace: 48849K->48849K(1093632K)
[2023-01-29T23:10:15.112+0530][gc            ] GC(7) Pause Young (Normal) (G1 Evacuation Pause) 190M->146M(1024M) 6.406ms
[2023-01-29T23:10:15.112+0530][gc,cpu        ] GC(7) User=0.02s Sys=0.00s Real=0.01s
[2023-01-29T23:18:08.567+0530][gc,start      ] GC(8) Pause Young (Normal) (G1 Evacuation Pause)
[2023-01-29T23:18:08.569+0530][gc,task       ] GC(8) Using 9 workers of 9 for evacuation
[2023-01-29T23:18:08.584+0530][gc,phases     ] GC(8)   Pre Evacuate Collection Set: 0.8ms
[2023-01-29T23:18:08.584+0530][gc,phases     ] GC(8)   Evacuate Collection Set: 12.8ms
[2023-01-29T23:18:08.584+0530][gc,phases     ] GC(8)   Post Evacuate Collection Set: 0.9ms
[2023-01-29T23:18:08.584+0530][gc,phases     ] GC(8)   Other: 2.6ms
[2023-01-29T23:18:08.584+0530][gc,heap       ] GC(8) Eden regions: 47->0(47)
[2023-01-29T23:18:08.584+0530][gc,heap       ] GC(8) Survivor regions: 4->4(7)
[2023-01-29T23:18:08.584+0530][gc,heap       ] GC(8) Old regions: 14->14
[2023-01-29T23:18:08.584+0530][gc,heap       ] GC(8) Humongous regions: 129->129
[2023-01-29T23:18:08.584+0530][gc,metaspace  ] GC(8) Metaspace: 48908K->48908K(1093632K)
[2023-01-29T23:18:08.584+0530][gc            ] GC(8) Pause Young (Normal) (G1 Evacuation Pause) 193M->145M(1024M) 17.086ms
[2023-01-29T23:18:08.585+0530][gc,cpu        ] GC(8) User=0.03s Sys=0.01s Real=0.02s
[2023-01-29T23:26:24.413+0530][gc,start      ] GC(9) Pause Young (Normal) (G1 Evacuation Pause)
[2023-01-29T23:26:24.415+0530][gc,task       ] GC(9) Using 9 workers of 9 for evacuation
[2023-01-29T23:26:24.430+0530][gc,phases     ] GC(9)   Pre Evacuate Collection Set: 0.3ms
[2023-01-29T23:26:24.430+0530][gc,phases     ] GC(9)   Evacuate Collection Set: 13.9ms
[2023-01-29T23:26:24.430+0530][gc,phases     ] GC(9)   Post Evacuate Collection Set: 0.6ms
[2023-01-29T23:26:24.430+0530][gc,phases     ] GC(9)   Other: 2.4ms
[2023-01-29T23:26:24.430+0530][gc,heap       ] GC(9) Eden regions: 47->0(49)
[2023-01-29T23:26:24.430+0530][gc,heap       ] GC(9) Survivor regions: 4->3(7)
[2023-01-29T23:26:24.430+0530][gc,heap       ] GC(9) Old regions: 14->14
[2023-01-29T23:26:24.431+0530][gc,heap       ] GC(9) Humongous regions: 129->129
[2023-01-29T23:26:24.431+0530][gc,metaspace  ] GC(9) Metaspace: 48942K->48942K(1093632K)
[2023-01-29T23:26:24.431+0530][gc            ] GC(9) Pause Young (Normal) (G1 Evacuation Pause) 192M->145M(1024M) 17.329ms
[2023-01-29T23:26:24.431+0530][gc,cpu        ] GC(9) User=0.03s Sys=0.01s Real=0.02s
[2023-01-29T23:35:29.724+0530][gc,start      ] GC(10) Pause Young (Normal) (G1 Evacuation Pause)
[2023-01-29T23:35:29.724+0530][gc,task       ] GC(10) Using 9 workers of 9 for evacuation
[2023-01-29T23:35:29.739+0530][gc,phases     ] GC(10)   Pre Evacuate Collection Set: 0.1ms
[2023-01-29T23:35:29.739+0530][gc,phases     ] GC(10)   Evacuate Collection Set: 14.2ms
[2023-01-29T23:35:29.739+0530][gc,phases     ] GC(10)   Post Evacuate Collection Set: 0.4ms
[2023-01-29T23:35:29.739+0530][gc,phases     ] GC(10)   Other: 0.6ms
[2023-01-29T23:35:29.739+0530][gc,heap       ] GC(10) Eden regions: 49->0(64)
[2023-01-29T23:35:29.739+0530][gc,heap       ] GC(10) Survivor regions: 3->4(7)
[2023-01-29T23:35:29.739+0530][gc,heap       ] GC(10) Old regions: 14->14
[2023-01-29T23:35:29.739+0530][gc,heap       ] GC(10) Humongous regions: 129->129
[2023-01-29T23:35:29.739+0530][gc,metaspace  ] GC(10) Metaspace: 48996K->48996K(1093632K)
[2023-01-29T23:35:29.739+0530][gc            ] GC(10) Pause Young (Normal) (G1 Evacuation Pause) 194M->146M(1024M) 15.344ms
[2023-01-29T23:35:29.739+0530][gc,cpu        ] GC(10) User=0.03s Sys=0.01s Real=0.01s
[2023-01-29T23:47:18.101+0530][gc,start      ] GC(11) Pause Young (Normal) (G1 Evacuation Pause)
[2023-01-29T23:47:18.102+0530][gc,task       ] GC(11) Using 9 workers of 9 for evacuation
[2023-01-29T23:47:18.140+0530][gc,mmu        ] GC(11) MMU target violated: 21.0ms (20.0ms/21.0ms)
[2023-01-29T23:47:18.140+0530][gc,phases     ] GC(11)   Pre Evacuate Collection Set: 1.7ms
[2023-01-29T23:47:18.140+0530][gc,phases     ] GC(11)   Evacuate Collection Set: 25.7ms
[2023-01-29T23:47:18.140+0530][gc,phases     ] GC(11)   Post Evacuate Collection Set: 10.5ms
[2023-01-29T23:47:18.140+0530][gc,phases     ] GC(11)   Other: 0.6ms
[2023-01-29T23:47:18.140+0530][gc,heap       ] GC(11) Eden regions: 64->0(93)
[2023-01-29T23:47:18.140+0530][gc,heap       ] GC(11) Survivor regions: 4->3(9)
[2023-01-29T23:47:18.140+0530][gc,heap       ] GC(11) Old regions: 14->14
[2023-01-29T23:47:18.140+0530][gc,heap       ] GC(11) Humongous regions: 129->129
[2023-01-29T23:47:18.140+0530][gc,metaspace  ] GC(11) Metaspace: 49021K->49021K(1093632K)
[2023-01-29T23:47:18.140+0530][gc            ] GC(11) Pause Young (Normal) (G1 Evacuation Pause) 210M->145M(1024M) 38.560ms
[2023-01-29T23:47:18.140+0530][gc,cpu        ] GC(11) User=0.03s Sys=0.01s Real=0.04s
[2023-01-30T10:16:16.389+0530][gc,start      ] GC(12) Pause Young (Normal) (G1 Evacuation Pause)
[2023-01-30T10:16:16.390+0530][gc,task       ] GC(12) Using 9 workers of 9 for evacuation
[2023-01-30T10:16:16.418+0530][gc,mmu        ] GC(12) MMU target violated: 21.0ms (20.0ms/21.0ms)
[2023-01-30T10:16:16.418+0530][gc,phases     ] GC(12)   Pre Evacuate Collection Set: 0.7ms
[2023-01-30T10:16:16.418+0530][gc,phases     ] GC(12)   Evacuate Collection Set: 16.7ms
[2023-01-30T10:16:16.418+0530][gc,phases     ] GC(12)   Post Evacuate Collection Set: 9.6ms
[2023-01-30T10:16:16.418+0530][gc,phases     ] GC(12)   Other: 2.2ms
[2023-01-30T10:16:16.418+0530][gc,heap       ] GC(12) Eden regions: 93->0(99)
[2023-01-30T10:16:16.418+0530][gc,heap       ] GC(12) Survivor regions: 3->4(12)
[2023-01-30T10:16:16.418+0530][gc,heap       ] GC(12) Old regions: 14->14
[2023-01-30T10:16:16.418+0530][gc,heap       ] GC(12) Humongous regions: 129->129
[2023-01-30T10:16:16.418+0530][gc,metaspace  ] GC(12) Metaspace: 49125K->49125K(1093632K)
[2023-01-30T10:16:16.418+0530][gc            ] GC(12) Pause Young (Normal) (G1 Evacuation Pause) 238M->145M(1024M) 29.155ms
[2023-01-30T10:16:16.418+0530][gc,cpu        ] GC(12) User=0.05s Sys=0.01s Real=0.03s
[2023-01-30T10:35:50.184+0530][gc,start      ] GC(13) Pause Young (Normal) (G1 Evacuation Pause)
[2023-01-30T10:35:50.184+0530][gc,task       ] GC(13) Using 9 workers of 9 for evacuation
[2023-01-30T10:35:50.209+0530][gc,mmu        ] GC(13) MMU target violated: 21.0ms (20.0ms/21.0ms)
[2023-01-30T10:35:50.209+0530][gc,phases     ] GC(13)   Pre Evacuate Collection Set: 0.5ms
[2023-01-30T10:35:50.209+0530][gc,phases     ] GC(13)   Evacuate Collection Set: 23.2ms
[2023-01-30T10:35:50.209+0530][gc,phases     ] GC(13)   Post Evacuate Collection Set: 0.5ms
[2023-01-30T10:35:50.209+0530][gc,phases     ] GC(13)   Other: 0.8ms
[2023-01-30T10:35:50.209+0530][gc,heap       ] GC(13) Eden regions: 99->0(610)
[2023-01-30T10:35:50.209+0530][gc,heap       ] GC(13) Survivor regions: 4->4(13)
[2023-01-30T10:35:50.209+0530][gc,heap       ] GC(13) Old regions: 14->14
[2023-01-30T10:35:50.209+0530][gc,heap       ] GC(13) Humongous regions: 129->129
[2023-01-30T10:35:50.209+0530][gc,metaspace  ] GC(13) Metaspace: 49127K->49127K(1093632K)
[2023-01-30T10:35:50.209+0530][gc            ] GC(13) Pause Young (Normal) (G1 Evacuation Pause) 244M->146M(1024M) 25.117ms
[2023-01-30T10:35:50.209+0530][gc,cpu        ] GC(13) User=0.03s Sys=0.01s Real=0.02s
[2023-01-30T12:31:23.897+0530][gc,start      ] GC(14) Pause Young (Normal) (G1 Evacuation Pause)
[2023-01-30T12:31:23.903+0530][gc,task       ] GC(14) Using 9 workers of 9 for evacuation
[2023-01-30T12:31:23.920+0530][gc,phases     ] GC(14)   Pre Evacuate Collection Set: 0.7ms
[2023-01-30T12:31:23.920+0530][gc,phases     ] GC(14)   Evacuate Collection Set: 14.9ms
[2023-01-30T12:31:23.920+0530][gc,phases     ] GC(14)   Post Evacuate Collection Set: 0.8ms
[2023-01-30T12:31:23.920+0530][gc,phases     ] GC(14)   Other: 7.6ms
[2023-01-30T12:31:23.920+0530][gc,heap       ] GC(14) Eden regions: 610->0(611)
[2023-01-30T12:31:23.920+0530][gc,heap       ] GC(14) Survivor regions: 4->3(77)
[2023-01-30T12:31:23.920+0530][gc,heap       ] GC(14) Old regions: 14->14
[2023-01-30T12:31:23.920+0530][gc,heap       ] GC(14) Humongous regions: 129->129
[2023-01-30T12:31:23.920+0530][gc,metaspace  ] GC(14) Metaspace: 49254K->49254K(1093632K)
[2023-01-30T12:31:23.921+0530][gc            ] GC(14) Pause Young (Normal) (G1 Evacuation Pause) 756M->145M(1024M) 23.934ms
[2023-01-30T12:31:23.921+0530][gc,cpu        ] GC(14) User=0.03s Sys=0.02s Real=0.03s
